{
    "a.css": "a.css",
    "c": "c",
    "js/b.js": "js/b.js",
    "js/c/c/a.css": "js/c/c/a.css"
}
